    OpenRGB v0.9+ (git1932)
    Commit: 0be01dde190c26b3f6c2cb370e815ae62b96205f from 2026-04-24 07:35:53 -0500
    Launched: 20260502_173058
====================================================================================================

1     |Info:    [ProfileManager] Found file: sdsd.orp attempting to validate header
2     |Info:    [ProfileManager] Valid v5 profile found for sdsd
2     |Info:    [ProfileManager] Found file: Green.orp attempting to validate header
2     |Info:    [ProfileManager] Valid v5 profile found for Green
2     |Info:    [ProfileManager] Found file: Blue.orp attempting to validate header
3     |Info:    [ProfileManager] Valid v5 profile found for Blue
70    |Info:    [ResourceManager] Initializing HID interfaces: Success
70    |Info:    ------------------------------------------------------
70    |Info:    |               Start device detection               |
70    |Info:    ------------------------------------------------------
83    |Info:    ------------------------------------------------------
83    |Info:    |             Detecting I2C interfaces               |
83    |Info:    ------------------------------------------------------
83    |Info:    [ResourceManager] Registering I2C interface: AMDGPU DM i2c hw bus 1 (/dev/i2c-3) Device 1002:747E Subsystem: 1DA2:F475
83    |Info:    [ResourceManager] Registering I2C interface: AMDGPU DM i2c hw bus 1 (/dev/i2c-10) Device 1002:164E Subsystem: 1462:7E26
83    |Info:    [ResourceManager] Registering I2C interface: AMDGPU SMU 1 (/dev/i2c-1) Device 1002:747E Subsystem: 1DA2:F475
83    |Info:    [ResourceManager] Registering I2C interface: SMBus PIIX4 adapter port 2 at 0b00 (/dev/i2c-17) Device 1022:790B Subsystem: 1462:7E26
83    |Info:    [i2c_smbus_linux] Failed to read i2c device PCI device ID
83    |Info:    [ResourceManager] Registering I2C interface: AMDGPU DM aux hw bus 1 (/dev/i2c-8) Device 0000:0000 Subsystem: 0000:0000
83    |Info:    [i2c_smbus_linux] Failed to read i2c device PCI device ID
83    |Info:    [ResourceManager] Registering I2C interface: AMDGPU DM aux hw bus 3 (/dev/i2c-15) Device 0000:0000 Subsystem: 0000:0000
83    |Info:    [ResourceManager] Registering I2C interface: AMDGPU DM i2c OEM bus (/dev/i2c-6) Device 1002:747E Subsystem: 1DA2:F475
83    |Info:    [i2c_smbus_linux] Failed to read i2c device PCI device ID
83    |Info:    [ResourceManager] Registering I2C interface: AMDGPU DM aux hw bus 1 (/dev/i2c-13) Device 0000:0000 Subsystem: 0000:0000
83    |Info:    [ResourceManager] Registering I2C interface: AMDGPU DM i2c hw bus 2 (/dev/i2c-4) Device 1002:747E Subsystem: 1DA2:F475
83    |Info:    [ResourceManager] Registering I2C interface: AMDGPU DM i2c hw bus 2 (/dev/i2c-11) Device 1002:164E Subsystem: 1462:7E26
83    |Info:    [ResourceManager] Registering I2C interface: AMDGPU DM i2c hw bus 0 (/dev/i2c-2) Device 1002:747E Subsystem: 1DA2:F475
83    |Info:    [ResourceManager] Registering I2C interface: AMDGPU SMU 0 (/dev/i2c-0) Device 1002:747E Subsystem: 1DA2:F475
84    |Info:    [ResourceManager] Registering I2C interface: SMBus PIIX4 adapter port 1 at 0b20 (/dev/i2c-18) Device 1022:790B Subsystem: 1462:7E26
84    |Info:    [ResourceManager] Registering I2C interface: AMDGPU DM i2c hw bus 0 (/dev/i2c-9) Device 1002:164E Subsystem: 1462:7E26
84    |Info:    [ResourceManager] Registering I2C interface: SMBus PIIX4 adapter port 0 at 0b00 (/dev/i2c-16) Device 1022:790B Subsystem: 1462:7E26
84    |Info:    [i2c_smbus_linux] Failed to read i2c device PCI device ID
84    |Info:    [ResourceManager] Registering I2C interface: AMDGPU DM aux hw bus 0 (/dev/i2c-7) Device 0000:0000 Subsystem: 0000:0000
84    |Info:    [i2c_smbus_linux] Failed to read i2c device PCI device ID
84    |Info:    [ResourceManager] Registering I2C interface: AMDGPU DM aux hw bus 2 (/dev/i2c-14) Device 0000:0000 Subsystem: 0000:0000
84    |Info:    [ResourceManager] Registering I2C interface: AMDGPU DM i2c hw bus 3 (/dev/i2c-5) Device 1002:747E Subsystem: 1DA2:F475
84    |Info:    [ResourceManager] Registering I2C interface: AMDGPU DM i2c hw bus 3 (/dev/i2c-12) Device 1002:164E Subsystem: 1462:7E26
84    |Info:    ------------------------------------------------------
84    |Info:    |               Detecting I2C devices                |
84    |Info:    ------------------------------------------------------
400   |Info:    [ENE DRAM] Registering RGB controller
640   |Info:    [ENE DRAM] Registering RGB controller
1264  |Info:    ------------------------------------------------------
1264  |Info:    |            Detecting I2C DIMM modules              |
1264  |Info:    ------------------------------------------------------
2345  |Info:    [ResourceManager] Detected occupied slot 2, bus 14, type DDR5
3356  |Info:    [ResourceManager] Detected occupied slot 4, bus 14, type DDR5
3373  |Info:    ------------------------------------------------------
3373  |Info:    |               Detecting I2C PCI devices            |
3373  |Info:    ------------------------------------------------------
3380  |Info:    [Sapphire Radeon RX 7700 XT Nitro+] Registering RGB controller
3381  |Info:    ------------------------------------------------------
3381  |Info:    |               Detecting HID devices                |
3381  |Info:    ------------------------------------------------------
3382  |Info:    [Redragon M914 NIX] Registering RGB controller
3447  |Info:    [MSI B650 GAMING PLUS WIFI (MS-7E26)] Registering RGB controller
3449  |Info:    [Redragon M914 NIX (Wireless)] Registering RGB controller
3449  |Info:    ------------------------------------------------------
3449  |Info:    |            Detecting libusb HID devices            |
3449  |Info:    ------------------------------------------------------
3528  |Info:    ------------------------------------------------------
3528  |Info:    |              Detecting other devices               |
3528  |Info:    ------------------------------------------------------
3545  |Info:    [ResourceManager] Calling Post-detection callbacks
3545  |Info:    ------------------------------------------------------
3545  |Info:    |                Detection completed                 |
3545  |Info:    ------------------------------------------------------
3546  |Info:    [ProfileManager] Profile loading: Succeeded for ENE DRAM @ I2C: SMBus PIIX4 adapter port 0 at 0b00 (/dev/i2c-16), address 0x71
3546  |Info:    [ProfileManager] Profile loading: Succeeded for ENE DRAM @ I2C: SMBus PIIX4 adapter port 0 at 0b00 (/dev/i2c-16), address 0x73
3546  |Info:    [ProfileManager] Profile loading: Succeeded for Sapphire Radeon RX 7700 XT Nitro+ @ I2C: AMDGPU DM i2c OEM bus (/dev/i2c-6), address 0x28
3546  |Info:    [ProfileManager] Profile loading: Succeeded for Redragon M914 NIX @ HID: /dev/hidraw7
3546  |Info:    [ProfileManager] Profile loading: Succeeded for MSI B650 GAMING PLUS WIFI (MS-7E26) @ HID: /dev/hidraw5
3546  |Info:    [ProfileManager] Profile loading: Succeeded for Redragon M914 NIX (Wireless) @ HID: /dev/hidraw3
