    OpenRGB v0.9+ (git1932)
    Commit: 0be01dde190c26b3f6c2cb370e815ae62b96205f from 2026-04-24 07:35:53 -0500
    Launched: 20260501_153054
====================================================================================================

0     |Info:    [ProfileManager] Found file: sdsd.orp attempting to validate header
0     |Info:    [ProfileManager] Valid v5 profile found for sdsd
0     |Info:    [ProfileManager] Found file: Green.orp attempting to validate header
0     |Info:    [ProfileManager] Valid v5 profile found for Green
0     |Info:    [ProfileManager] Found file: Blue.orp attempting to validate header
0     |Info:    [ProfileManager] Valid v5 profile found for Blue
52    |Info:    [ResourceManager] Initializing HID interfaces: Success
52    |Info:    ------------------------------------------------------
52    |Info:    |               Start device detection               |
52    |Info:    ------------------------------------------------------
62    |Info:    ------------------------------------------------------
62    |Info:    |             Detecting I2C interfaces               |
62    |Info:    ------------------------------------------------------
62    |Info:    [ResourceManager] Registering I2C interface: AMDGPU DM i2c hw bus 1 (/dev/i2c-3) Device 1002:747E Subsystem: 1DA2:F475
62    |Info:    [ResourceManager] Registering I2C interface: AMDGPU DM i2c hw bus 1 (/dev/i2c-10) Device 1002:164E Subsystem: 1462:7E26
62    |Info:    [ResourceManager] Registering I2C interface: AMDGPU SMU 1 (/dev/i2c-1) Device 1002:747E Subsystem: 1DA2:F475
62    |Info:    [ResourceManager] Registering I2C interface: SMBus PIIX4 adapter port 2 at 0b00 (/dev/i2c-17) Device 1022:790B Subsystem: 1462:7E26
62    |Info:    [i2c_smbus_linux] Failed to read i2c device PCI device ID
62    |Info:    [ResourceManager] Registering I2C interface: AMDGPU DM aux hw bus 1 (/dev/i2c-8) Device 0000:0000 Subsystem: 0000:0000
62    |Info:    [i2c_smbus_linux] Failed to read i2c device PCI device ID
62    |Info:    [ResourceManager] Registering I2C interface: AMDGPU DM aux hw bus 3 (/dev/i2c-15) Device 0000:0000 Subsystem: 0000:0000
62    |Info:    [ResourceManager] Registering I2C interface: AMDGPU DM i2c OEM bus (/dev/i2c-6) Device 1002:747E Subsystem: 1DA2:F475
62    |Info:    [i2c_smbus_linux] Failed to read i2c device PCI device ID
62    |Info:    [ResourceManager] Registering I2C interface: AMDGPU DM aux hw bus 1 (/dev/i2c-13) Device 0000:0000 Subsystem: 0000:0000
62    |Info:    [ResourceManager] Registering I2C interface: AMDGPU DM i2c hw bus 2 (/dev/i2c-4) Device 1002:747E Subsystem: 1DA2:F475
62    |Info:    [ResourceManager] Registering I2C interface: AMDGPU DM i2c hw bus 2 (/dev/i2c-11) Device 1002:164E Subsystem: 1462:7E26
62    |Info:    [ResourceManager] Registering I2C interface: AMDGPU DM i2c hw bus 0 (/dev/i2c-2) Device 1002:747E Subsystem: 1DA2:F475
62    |Info:    [ResourceManager] Registering I2C interface: AMDGPU SMU 0 (/dev/i2c-0) Device 1002:747E Subsystem: 1DA2:F475
62    |Info:    [ResourceManager] Registering I2C interface: SMBus PIIX4 adapter port 1 at 0b20 (/dev/i2c-18) Device 1022:790B Subsystem: 1462:7E26
62    |Info:    [ResourceManager] Registering I2C interface: AMDGPU DM i2c hw bus 0 (/dev/i2c-9) Device 1002:164E Subsystem: 1462:7E26
62    |Info:    [ResourceManager] Registering I2C interface: SMBus PIIX4 adapter port 0 at 0b00 (/dev/i2c-16) Device 1022:790B Subsystem: 1462:7E26
62    |Info:    [i2c_smbus_linux] Failed to read i2c device PCI device ID
62    |Info:    [ResourceManager] Registering I2C interface: AMDGPU DM aux hw bus 0 (/dev/i2c-7) Device 0000:0000 Subsystem: 0000:0000
62    |Info:    [i2c_smbus_linux] Failed to read i2c device PCI device ID
62    |Info:    [ResourceManager] Registering I2C interface: AMDGPU DM aux hw bus 2 (/dev/i2c-14) Device 0000:0000 Subsystem: 0000:0000
62    |Info:    [ResourceManager] Registering I2C interface: AMDGPU DM i2c hw bus 3 (/dev/i2c-5) Device 1002:747E Subsystem: 1DA2:F475
62    |Info:    [ResourceManager] Registering I2C interface: AMDGPU DM i2c hw bus 3 (/dev/i2c-12) Device 1002:164E Subsystem: 1462:7E26
62    |Info:    ------------------------------------------------------
62    |Info:    |               Detecting I2C devices                |
62    |Info:    ------------------------------------------------------
378   |Info:    [ENE DRAM] Registering RGB controller
603   |Info:    [ENE DRAM] Registering RGB controller
1224  |Info:    ------------------------------------------------------
1224  |Info:    |            Detecting I2C DIMM modules              |
1224  |Info:    ------------------------------------------------------
1319  |Info:    [ResourceManager] Detected occupied slot 2, bus 14, type DDR5
1324  |Info:    [ResourceManager] Detected occupied slot 4, bus 14, type DDR5
1344  |Info:    ------------------------------------------------------
1344  |Info:    |               Detecting I2C PCI devices            |
1344  |Info:    ------------------------------------------------------
1350  |Info:    [Sapphire Radeon RX 7700 XT Nitro+] Registering RGB controller
1351  |Info:    ------------------------------------------------------
1351  |Info:    |               Detecting HID devices                |
1351  |Info:    ------------------------------------------------------
1352  |Info:    [Redragon M914 NIX] Registering RGB controller
1366  |Info:    [MSI B650 GAMING PLUS WIFI (MS-7E26)] Registering RGB controller
1368  |Info:    [Redragon M914 NIX (Wireless)] Registering RGB controller
1368  |Info:    ------------------------------------------------------
1368  |Info:    |            Detecting libusb HID devices            |
1368  |Info:    ------------------------------------------------------
1446  |Info:    ------------------------------------------------------
1446  |Info:    |              Detecting other devices               |
1446  |Info:    ------------------------------------------------------
1462  |Info:    [ResourceManager] Calling Post-detection callbacks
1462  |Info:    ------------------------------------------------------
1462  |Info:    |                Detection completed                 |
1462  |Info:    ------------------------------------------------------
25654 |Info:    [ProfileManager] Found file: sdsd.orp attempting to validate header
25654 |Info:    [ProfileManager] Valid v5 profile found for sdsd
25654 |Info:    [ProfileManager] Found file: Green.orp attempting to validate header
25654 |Info:    [ProfileManager] Valid v5 profile found for Green
25654 |Info:    [ProfileManager] Found file: Blue.orp attempting to validate header
25654 |Info:    [ProfileManager] Valid v5 profile found for Blue
