    OpenRGB v0.9+ (git1932)
    Commit: 0be01dde190c26b3f6c2cb370e815ae62b96205f from 2026-04-24 07:35:53 -0500
    Launched: 20260429_200435
====================================================================================================

1     |Info:    [ProfileManager] Found file: Green.orp attempting to validate header
2     |Info:    [ProfileManager] Valid v5 profile found for Green
2     |Info:    [ProfileManager] Found file: Blue.orp attempting to validate header
2     |Info:    [ProfileManager] Valid v5 profile found for Blue
71    |Info:    [ResourceManager] Initializing HID interfaces: Success
71    |Info:    ------------------------------------------------------
71    |Info:    |               Start device detection               |
71    |Info:    ------------------------------------------------------
84    |Info:    ------------------------------------------------------
84    |Info:    |             Detecting I2C interfaces               |
84    |Info:    ------------------------------------------------------
84    |Info:    [ResourceManager] Registering I2C interface: AMDGPU DM i2c hw bus 1 (/dev/i2c-3) Device 1002:747E Subsystem: 1DA2:F475
84    |Info:    [ResourceManager] Registering I2C interface: AMDGPU DM i2c hw bus 1 (/dev/i2c-10) Device 1002:164E Subsystem: 1462:7E26
84    |Info:    [ResourceManager] Registering I2C interface: AMDGPU SMU 1 (/dev/i2c-1) Device 1002:747E Subsystem: 1DA2:F475
84    |Info:    [ResourceManager] Registering I2C interface: SMBus PIIX4 adapter port 2 at 0b00 (/dev/i2c-17) Device 1022:790B Subsystem: 1462:7E26
84    |Info:    [i2c_smbus_linux] Failed to read i2c device PCI device ID
84    |Info:    [ResourceManager] Registering I2C interface: AMDGPU DM aux hw bus 1 (/dev/i2c-8) Device 0000:0000 Subsystem: 0000:0000
84    |Info:    [i2c_smbus_linux] Failed to read i2c device PCI device ID
84    |Info:    [ResourceManager] Registering I2C interface: AMDGPU DM aux hw bus 3 (/dev/i2c-15) Device 0000:0000 Subsystem: 0000:0000
84    |Info:    [ResourceManager] Registering I2C interface: AMDGPU DM i2c OEM bus (/dev/i2c-6) Device 1002:747E Subsystem: 1DA2:F475
84    |Info:    [i2c_smbus_linux] Failed to read i2c device PCI device ID
84    |Info:    [ResourceManager] Registering I2C interface: AMDGPU DM aux hw bus 1 (/dev/i2c-13) Device 0000:0000 Subsystem: 0000:0000
84    |Info:    [ResourceManager] Registering I2C interface: AMDGPU DM i2c hw bus 2 (/dev/i2c-4) Device 1002:747E Subsystem: 1DA2:F475
84    |Info:    [ResourceManager] Registering I2C interface: AMDGPU DM i2c hw bus 2 (/dev/i2c-11) Device 1002:164E Subsystem: 1462:7E26
84    |Info:    [ResourceManager] Registering I2C interface: AMDGPU DM i2c hw bus 0 (/dev/i2c-2) Device 1002:747E Subsystem: 1DA2:F475
84    |Info:    [ResourceManager] Registering I2C interface: AMDGPU SMU 0 (/dev/i2c-0) Device 1002:747E Subsystem: 1DA2:F475
84    |Info:    [ResourceManager] Registering I2C interface: SMBus PIIX4 adapter port 1 at 0b20 (/dev/i2c-18) Device 1022:790B Subsystem: 1462:7E26
84    |Info:    [ResourceManager] Registering I2C interface: AMDGPU DM i2c hw bus 0 (/dev/i2c-9) Device 1002:164E Subsystem: 1462:7E26
84    |Info:    [ResourceManager] Registering I2C interface: SMBus PIIX4 adapter port 0 at 0b00 (/dev/i2c-16) Device 1022:790B Subsystem: 1462:7E26
85    |Info:    [i2c_smbus_linux] Failed to read i2c device PCI device ID
85    |Info:    [ResourceManager] Registering I2C interface: AMDGPU DM aux hw bus 0 (/dev/i2c-7) Device 0000:0000 Subsystem: 0000:0000
85    |Info:    [i2c_smbus_linux] Failed to read i2c device PCI device ID
85    |Info:    [ResourceManager] Registering I2C interface: AMDGPU DM aux hw bus 2 (/dev/i2c-14) Device 0000:0000 Subsystem: 0000:0000
85    |Info:    [ResourceManager] Registering I2C interface: AMDGPU DM i2c hw bus 3 (/dev/i2c-5) Device 1002:747E Subsystem: 1DA2:F475
85    |Info:    [ResourceManager] Registering I2C interface: AMDGPU DM i2c hw bus 3 (/dev/i2c-12) Device 1002:164E Subsystem: 1462:7E26
85    |Info:    ------------------------------------------------------
85    |Info:    |               Detecting I2C devices                |
85    |Info:    ------------------------------------------------------
422   |Info:    [ENE DRAM] Registering RGB controller
679   |Info:    [ENE DRAM] Registering RGB controller
1304  |Info:    ------------------------------------------------------
1304  |Info:    |            Detecting I2C DIMM modules              |
1304  |Info:    ------------------------------------------------------
2343  |Info:    [ResourceManager] Detected occupied slot 2, bus 14, type DDR5
3322  |Info:    [ResourceManager] Detected occupied slot 4, bus 14, type DDR5
3340  |Info:    ------------------------------------------------------
3340  |Info:    |               Detecting I2C PCI devices            |
3340  |Info:    ------------------------------------------------------
3348  |Info:    [Sapphire Radeon RX 7700 XT Nitro+] Registering RGB controller
3349  |Info:    ------------------------------------------------------
3349  |Info:    |               Detecting HID devices                |
3349  |Info:    ------------------------------------------------------
3415  |Info:    [MSI B650 GAMING PLUS WIFI (MS-7E26)] Registering RGB controller
3416  |Info:    [Redragon M914 NIX (Wireless)] Registering RGB controller
3416  |Info:    ------------------------------------------------------
3416  |Info:    |            Detecting libusb HID devices            |
3416  |Info:    ------------------------------------------------------
3448  |Info:    ------------------------------------------------------
3448  |Info:    |              Detecting other devices               |
3448  |Info:    ------------------------------------------------------
3464  |Info:    [ResourceManager] Calling Post-detection callbacks
3464  |Info:    ------------------------------------------------------
3464  |Info:    |                Detection completed                 |
3464  |Info:    ------------------------------------------------------
3464  |Info:    [ProfileManager] Profile loading: Succeeded for ENE DRAM @ I2C: SMBus PIIX4 adapter port 0 at 0b00 (/dev/i2c-16), address 0x71
3464  |Info:    [ProfileManager] Profile loading: Succeeded for ENE DRAM @ I2C: SMBus PIIX4 adapter port 0 at 0b00 (/dev/i2c-16), address 0x73
3464  |Info:    [ProfileManager] Profile loading: Succeeded for Sapphire Radeon RX 7700 XT Nitro+ @ I2C: AMDGPU DM i2c OEM bus (/dev/i2c-6), address 0x28
3464  |Info:    [ProfileManager] Profile loading: Succeeded for MSI B650 GAMING PLUS WIFI (MS-7E26) @ HID: /dev/hidraw7
3464  |Info:    [ProfileManager] Profile loading: Succeeded for Redragon M914 NIX (Wireless) @ HID: /dev/hidraw2
