    OpenRGB v0.9+ (git1942)
    Commit: 0304c50bc66c81788984d6369bab0f18ec5e6bc0 from 2026-05-08 00:12:43 -0500
    Launched: 20260508_164125
====================================================================================================

0     |Info:    [ProfileManager] Found file: sdsd.orp attempting to validate header
0     |Info:    [ProfileManager] Valid v5 profile found for sdsd
0     |Info:    [ProfileManager] Found file: Green.orp attempting to validate header
0     |Info:    [ProfileManager] Valid v5 profile found for Green
0     |Info:    [ProfileManager] Found file: Blue.orp attempting to validate header
0     |Info:    [ProfileManager] Valid v5 profile found for Blue
54    |Info:    [ResourceManager] Initializing HID interfaces: Success
54    |Info:    ------------------------------------------------------
54    |Info:    |               Start device detection               |
54    |Info:    ------------------------------------------------------
67    |Info:    ------------------------------------------------------
67    |Info:    |             Detecting I2C interfaces               |
67    |Info:    ------------------------------------------------------
67    |Info:    [ResourceManager] Registering I2C interface: AMDGPU DM i2c hw bus 1 (/dev/i2c-3) Device 1002:747E Subsystem: 1DA2:F475
68    |Info:    [ResourceManager] Registering I2C interface: AMDGPU DM i2c hw bus 1 (/dev/i2c-10) Device 1002:164E Subsystem: 1462:7E26
68    |Info:    [ResourceManager] Registering I2C interface: AMDGPU SMU 1 (/dev/i2c-1) Device 1002:747E Subsystem: 1DA2:F475
68    |Info:    [ResourceManager] Registering I2C interface: SMBus PIIX4 adapter port 2 at 0b00 (/dev/i2c-17) Device 1022:790B Subsystem: 1462:7E26
68    |Info:    [i2c_smbus_linux] Failed to read i2c device PCI device ID
68    |Info:    [ResourceManager] Registering I2C interface: AMDGPU DM aux hw bus 1 (/dev/i2c-8) Device 0000:0000 Subsystem: 0000:0000
68    |Info:    [i2c_smbus_linux] Failed to read i2c device PCI device ID
68    |Info:    [ResourceManager] Registering I2C interface: AMDGPU DM aux hw bus 3 (/dev/i2c-15) Device 0000:0000 Subsystem: 0000:0000
68    |Info:    [ResourceManager] Registering I2C interface: AMDGPU DM i2c OEM bus (/dev/i2c-6) Device 1002:747E Subsystem: 1DA2:F475
68    |Info:    [i2c_smbus_linux] Failed to read i2c device PCI device ID
68    |Info:    [ResourceManager] Registering I2C interface: AMDGPU DM aux hw bus 1 (/dev/i2c-13) Device 0000:0000 Subsystem: 0000:0000
68    |Info:    [ResourceManager] Registering I2C interface: AMDGPU DM i2c hw bus 2 (/dev/i2c-4) Device 1002:747E Subsystem: 1DA2:F475
68    |Info:    [ResourceManager] Registering I2C interface: AMDGPU DM i2c hw bus 2 (/dev/i2c-11) Device 1002:164E Subsystem: 1462:7E26
68    |Info:    [ResourceManager] Registering I2C interface: AMDGPU DM i2c hw bus 0 (/dev/i2c-2) Device 1002:747E Subsystem: 1DA2:F475
68    |Info:    [ResourceManager] Registering I2C interface: AMDGPU SMU 0 (/dev/i2c-0) Device 1002:747E Subsystem: 1DA2:F475
68    |Info:    [ResourceManager] Registering I2C interface: SMBus PIIX4 adapter port 1 at 0b20 (/dev/i2c-18) Device 1022:790B Subsystem: 1462:7E26
68    |Info:    [ResourceManager] Registering I2C interface: AMDGPU DM i2c hw bus 0 (/dev/i2c-9) Device 1002:164E Subsystem: 1462:7E26
68    |Info:    [ResourceManager] Registering I2C interface: SMBus PIIX4 adapter port 0 at 0b00 (/dev/i2c-16) Device 1022:790B Subsystem: 1462:7E26
68    |Info:    [i2c_smbus_linux] Failed to read i2c device PCI device ID
68    |Info:    [ResourceManager] Registering I2C interface: AMDGPU DM aux hw bus 0 (/dev/i2c-7) Device 0000:0000 Subsystem: 0000:0000
68    |Info:    [i2c_smbus_linux] Failed to read i2c device PCI device ID
68    |Info:    [ResourceManager] Registering I2C interface: AMDGPU DM aux hw bus 2 (/dev/i2c-14) Device 0000:0000 Subsystem: 0000:0000
68    |Info:    [ResourceManager] Registering I2C interface: AMDGPU DM i2c hw bus 3 (/dev/i2c-5) Device 1002:747E Subsystem: 1DA2:F475
69    |Info:    [ResourceManager] Registering I2C interface: AMDGPU DM i2c hw bus 3 (/dev/i2c-12) Device 1002:164E Subsystem: 1462:7E26
69    |Info:    ------------------------------------------------------
69    |Info:    |               Detecting I2C devices                |
69    |Info:    ------------------------------------------------------
399   |Info:    [ENE DRAM] Registering RGB controller
656   |Info:    [ENE DRAM] Registering RGB controller
1280  |Info:    ------------------------------------------------------
1280  |Info:    |            Detecting I2C DIMM modules              |
1280  |Info:    ------------------------------------------------------
1375  |Info:    [ResourceManager] Detected occupied slot 2, bus 14, type DDR5
1380  |Info:    [ResourceManager] Detected occupied slot 4, bus 14, type DDR5
1400  |Info:    ------------------------------------------------------
1400  |Info:    |               Detecting I2C PCI devices            |
1400  |Info:    ------------------------------------------------------
1406  |Info:    [Sapphire Radeon RX 7700 XT Nitro+] Registering RGB controller
1407  |Info:    ------------------------------------------------------
1407  |Info:    |               Detecting HID devices                |
1407  |Info:    ------------------------------------------------------
1408  |Info:    [Redragon M914 NIX] Registering RGB controller
1475  |Info:    [MSI B650 GAMING PLUS WIFI (MS-7E26)] Registering RGB controller
1477  |Info:    [Redragon M914 NIX (Wireless)] Registering RGB controller
1477  |Info:    ------------------------------------------------------
1477  |Info:    |            Detecting libusb HID devices            |
1477  |Info:    ------------------------------------------------------
1556  |Info:    ------------------------------------------------------
1556  |Info:    |              Detecting other devices               |
1556  |Info:    ------------------------------------------------------
1573  |Info:    [ResourceManager] Calling Post-detection callbacks
1573  |Info:    ------------------------------------------------------
1573  |Info:    |                Detection completed                 |
1573  |Info:    ------------------------------------------------------
1573  |Info:    [ProfileManager] Profile loading: Succeeded for ENE DRAM @ I2C: SMBus PIIX4 adapter port 0 at 0b00 (/dev/i2c-16), address 0x71
1573  |Info:    [ProfileManager] Profile loading: Succeeded for ENE DRAM @ I2C: SMBus PIIX4 adapter port 0 at 0b00 (/dev/i2c-16), address 0x73
1573  |Info:    [ProfileManager] Profile loading: Succeeded for Sapphire Radeon RX 7700 XT Nitro+ @ I2C: AMDGPU DM i2c OEM bus (/dev/i2c-6), address 0x28
1573  |Info:    [ProfileManager] Profile loading: Succeeded for Redragon M914 NIX @ HID: /dev/hidraw7
1573  |Info:    [ProfileManager] Profile loading: Succeeded for MSI B650 GAMING PLUS WIFI (MS-7E26) @ HID: /dev/hidraw5
1573  |Info:    [ProfileManager] Profile loading: Succeeded for Redragon M914 NIX (Wireless) @ HID: /dev/hidraw3
