    OpenRGB v0.9+ (git1932)
    Commit: 0be01dde190c26b3f6c2cb370e815ae62b96205f from 2026-04-24 07:35:53 -0500
    Launched: 20260428_151336
====================================================================================================

56    |Info:    [ResourceManager] Saving detector settings
56    |Info:    [ResourceManager] Initializing HID interfaces: Success
56    |Info:    ------------------------------------------------------
56    |Info:    |               Start device detection               |
56    |Info:    ------------------------------------------------------
66    |Info:    ------------------------------------------------------
66    |Info:    |             Detecting I2C interfaces               |
66    |Info:    ------------------------------------------------------
66    |Info:    [ResourceManager] Registering I2C interface: AMDGPU DM i2c hw bus 1 (/dev/i2c-3) Device 1002:747E Subsystem: 1DA2:F475
67    |Info:    [ResourceManager] Registering I2C interface: AMDGPU DM i2c hw bus 1 (/dev/i2c-10) Device 1002:164E Subsystem: 1462:7E26
67    |Info:    [ResourceManager] Registering I2C interface: AMDGPU SMU 1 (/dev/i2c-1) Device 1002:747E Subsystem: 1DA2:F475
67    |Info:    [ResourceManager] Registering I2C interface: SMBus PIIX4 adapter port 2 at 0b00 (/dev/i2c-17) Device 1022:790B Subsystem: 1462:7E26
67    |Info:    [i2c_smbus_linux] Failed to read i2c device PCI device ID
67    |Info:    [ResourceManager] Registering I2C interface: AMDGPU DM aux hw bus 1 (/dev/i2c-8) Device 0000:0000 Subsystem: 0000:0000
67    |Info:    [i2c_smbus_linux] Failed to read i2c device PCI device ID
67    |Info:    [ResourceManager] Registering I2C interface: AMDGPU DM aux hw bus 3 (/dev/i2c-15) Device 0000:0000 Subsystem: 0000:0000
67    |Info:    [ResourceManager] Registering I2C interface: AMDGPU DM i2c OEM bus (/dev/i2c-6) Device 1002:747E Subsystem: 1DA2:F475
67    |Info:    [i2c_smbus_linux] Failed to read i2c device PCI device ID
67    |Info:    [ResourceManager] Registering I2C interface: AMDGPU DM aux hw bus 1 (/dev/i2c-13) Device 0000:0000 Subsystem: 0000:0000
67    |Info:    [ResourceManager] Registering I2C interface: AMDGPU DM i2c hw bus 2 (/dev/i2c-4) Device 1002:747E Subsystem: 1DA2:F475
67    |Info:    [ResourceManager] Registering I2C interface: AMDGPU DM i2c hw bus 2 (/dev/i2c-11) Device 1002:164E Subsystem: 1462:7E26
67    |Info:    [ResourceManager] Registering I2C interface: AMDGPU DM i2c hw bus 0 (/dev/i2c-2) Device 1002:747E Subsystem: 1DA2:F475
67    |Info:    [ResourceManager] Registering I2C interface: AMDGPU SMU 0 (/dev/i2c-0) Device 1002:747E Subsystem: 1DA2:F475
67    |Info:    [ResourceManager] Registering I2C interface: SMBus PIIX4 adapter port 1 at 0b20 (/dev/i2c-18) Device 1022:790B Subsystem: 1462:7E26
67    |Info:    [ResourceManager] Registering I2C interface: AMDGPU DM i2c hw bus 0 (/dev/i2c-9) Device 1002:164E Subsystem: 1462:7E26
67    |Info:    [ResourceManager] Registering I2C interface: SMBus PIIX4 adapter port 0 at 0b00 (/dev/i2c-16) Device 1022:790B Subsystem: 1462:7E26
67    |Info:    [i2c_smbus_linux] Failed to read i2c device PCI device ID
67    |Info:    [ResourceManager] Registering I2C interface: AMDGPU DM aux hw bus 0 (/dev/i2c-7) Device 0000:0000 Subsystem: 0000:0000
67    |Info:    [i2c_smbus_linux] Failed to read i2c device PCI device ID
67    |Info:    [ResourceManager] Registering I2C interface: AMDGPU DM aux hw bus 2 (/dev/i2c-14) Device 0000:0000 Subsystem: 0000:0000
67    |Info:    [ResourceManager] Registering I2C interface: AMDGPU DM i2c hw bus 3 (/dev/i2c-5) Device 1002:747E Subsystem: 1DA2:F475
67    |Info:    [ResourceManager] Registering I2C interface: AMDGPU DM i2c hw bus 3 (/dev/i2c-12) Device 1002:164E Subsystem: 1462:7E26
67    |Info:    ------------------------------------------------------
67    |Info:    |               Detecting I2C devices                |
67    |Info:    ------------------------------------------------------
403   |Info:    [ENE DRAM] Registering RGB controller
671   |Info:    [ENE DRAM] Registering RGB controller
1297  |Info:    ------------------------------------------------------
1297  |Info:    |            Detecting I2C DIMM modules              |
1297  |Info:    ------------------------------------------------------
1390  |Info:    [ResourceManager] Detected occupied slot 2, bus 14, type DDR5
1396  |Info:    [ResourceManager] Detected occupied slot 4, bus 14, type DDR5
1415  |Info:    ------------------------------------------------------
1415  |Info:    |               Detecting I2C PCI devices            |
1415  |Info:    ------------------------------------------------------
1423  |Info:    [Sapphire Radeon RX 7700 XT Nitro+] Registering RGB controller
1424  |Info:    ------------------------------------------------------
1424  |Info:    |               Detecting HID devices                |
1424  |Info:    ------------------------------------------------------
1490  |Info:    [MSI B650 GAMING PLUS WIFI (MS-7E26)] Registering RGB controller
1490  |Info:    [Redragon M914 NIX (Wireless)] Registering RGB controller
1490  |Info:    ------------------------------------------------------
1490  |Info:    |            Detecting libusb HID devices            |
1490  |Info:    ------------------------------------------------------
1522  |Info:    ------------------------------------------------------
1522  |Info:    |              Detecting other devices               |
1522  |Info:    ------------------------------------------------------
1537  |Info:    [ResourceManager] Calling Post-detection callbacks
1537  |Info:    ------------------------------------------------------
1537  |Info:    |                Detection completed                 |
1537  |Info:    ------------------------------------------------------
1537  |Info:    [ProfileManager] Profile loading: FAILED! for ENE DRAM @ I2C: SMBus PIIX4 adapter port 0 at 0b00 (/dev/i2c-16), address 0x71
1537  |Info:    [ProfileManager] Profile loading: FAILED! for ENE DRAM @ I2C: SMBus PIIX4 adapter port 0 at 0b00 (/dev/i2c-16), address 0x73
1537  |Info:    [ProfileManager] Profile loading: FAILED! for Sapphire Radeon RX 7700 XT Nitro+ @ I2C: AMDGPU DM i2c OEM bus (/dev/i2c-6), address 0x28
1537  |Info:    [ProfileManager] Profile loading: FAILED! for MSI B650 GAMING PLUS WIFI (MS-7E26) @ HID: /dev/hidraw5
1537  |Info:    [ProfileManager] Profile loading: FAILED! for Redragon M914 NIX (Wireless) @ HID: /dev/hidraw2
