    OpenRGB v0.9+ (git1932)
    Commit: 0be01dde190c26b3f6c2cb370e815ae62b96205f from 2026-04-24 07:35:53 -0500
    Launched: 20260501_152923
====================================================================================================

0     |Info:    [ProfileManager] Found file: sdsd.orp attempting to validate header
0     |Info:    [ProfileManager] Valid v5 profile found for sdsd
0     |Info:    [ProfileManager] Found file: Green.orp attempting to validate header
0     |Info:    [ProfileManager] Valid v5 profile found for Green
0     |Info:    [ProfileManager] Found file: Blue.orp attempting to validate header
0     |Info:    [ProfileManager] Valid v5 profile found for Blue
52    |Info:    [ResourceManager] Initializing HID interfaces: Success
52    |Info:    ------------------------------------------------------
52    |Info:    |               Start device detection               |
52    |Info:    ------------------------------------------------------
61    |Info:    ------------------------------------------------------
61    |Info:    |             Detecting I2C interfaces               |
61    |Info:    ------------------------------------------------------
61    |Info:    [ResourceManager] Registering I2C interface: AMDGPU DM i2c hw bus 1 (/dev/i2c-3) Device 1002:747E Subsystem: 1DA2:F475
61    |Info:    [ResourceManager] Registering I2C interface: AMDGPU DM i2c hw bus 1 (/dev/i2c-10) Device 1002:164E Subsystem: 1462:7E26
61    |Info:    [ResourceManager] Registering I2C interface: AMDGPU SMU 1 (/dev/i2c-1) Device 1002:747E Subsystem: 1DA2:F475
61    |Info:    [ResourceManager] Registering I2C interface: SMBus PIIX4 adapter port 2 at 0b00 (/dev/i2c-17) Device 1022:790B Subsystem: 1462:7E26
62    |Info:    [i2c_smbus_linux] Failed to read i2c device PCI device ID
62    |Info:    [ResourceManager] Registering I2C interface: AMDGPU DM aux hw bus 1 (/dev/i2c-8) Device 0000:0000 Subsystem: 0000:0000
62    |Info:    [i2c_smbus_linux] Failed to read i2c device PCI device ID
62    |Info:    [ResourceManager] Registering I2C interface: AMDGPU DM aux hw bus 3 (/dev/i2c-15) Device 0000:0000 Subsystem: 0000:0000
62    |Info:    [ResourceManager] Registering I2C interface: AMDGPU DM i2c OEM bus (/dev/i2c-6) Device 1002:747E Subsystem: 1DA2:F475
62    |Info:    [i2c_smbus_linux] Failed to read i2c device PCI device ID
62    |Info:    [ResourceManager] Registering I2C interface: AMDGPU DM aux hw bus 1 (/dev/i2c-13) Device 0000:0000 Subsystem: 0000:0000
62    |Info:    [ResourceManager] Registering I2C interface: AMDGPU DM i2c hw bus 2 (/dev/i2c-4) Device 1002:747E Subsystem: 1DA2:F475
62    |Info:    [ResourceManager] Registering I2C interface: AMDGPU DM i2c hw bus 2 (/dev/i2c-11) Device 1002:164E Subsystem: 1462:7E26
62    |Info:    [ResourceManager] Registering I2C interface: AMDGPU DM i2c hw bus 0 (/dev/i2c-2) Device 1002:747E Subsystem: 1DA2:F475
62    |Info:    [ResourceManager] Registering I2C interface: AMDGPU SMU 0 (/dev/i2c-0) Device 1002:747E Subsystem: 1DA2:F475
62    |Info:    [ResourceManager] Registering I2C interface: SMBus PIIX4 adapter port 1 at 0b20 (/dev/i2c-18) Device 1022:790B Subsystem: 1462:7E26
62    |Info:    [ResourceManager] Registering I2C interface: AMDGPU DM i2c hw bus 0 (/dev/i2c-9) Device 1002:164E Subsystem: 1462:7E26
62    |Info:    [ResourceManager] Registering I2C interface: SMBus PIIX4 adapter port 0 at 0b00 (/dev/i2c-16) Device 1022:790B Subsystem: 1462:7E26
62    |Info:    [i2c_smbus_linux] Failed to read i2c device PCI device ID
62    |Info:    [ResourceManager] Registering I2C interface: AMDGPU DM aux hw bus 0 (/dev/i2c-7) Device 0000:0000 Subsystem: 0000:0000
62    |Info:    [i2c_smbus_linux] Failed to read i2c device PCI device ID
62    |Info:    [ResourceManager] Registering I2C interface: AMDGPU DM aux hw bus 2 (/dev/i2c-14) Device 0000:0000 Subsystem: 0000:0000
62    |Info:    [ResourceManager] Registering I2C interface: AMDGPU DM i2c hw bus 3 (/dev/i2c-5) Device 1002:747E Subsystem: 1DA2:F475
62    |Info:    [ResourceManager] Registering I2C interface: AMDGPU DM i2c hw bus 3 (/dev/i2c-12) Device 1002:164E Subsystem: 1462:7E26
62    |Info:    ------------------------------------------------------
62    |Info:    |               Detecting I2C devices                |
62    |Info:    ------------------------------------------------------
380   |Info:    [ENE DRAM] Registering RGB controller
629   |Info:    [ENE DRAM] Registering RGB controller
1253  |Info:    ------------------------------------------------------
1253  |Info:    |            Detecting I2C DIMM modules              |
1253  |Info:    ------------------------------------------------------
1345  |Info:    [ResourceManager] Detected occupied slot 2, bus 14, type DDR5
1350  |Info:    [ResourceManager] Detected occupied slot 4, bus 14, type DDR5
1368  |Info:    ------------------------------------------------------
1368  |Info:    |               Detecting I2C PCI devices            |
1368  |Info:    ------------------------------------------------------
1375  |Info:    [Sapphire Radeon RX 7700 XT Nitro+] Registering RGB controller
1376  |Info:    ------------------------------------------------------
1376  |Info:    |               Detecting HID devices                |
1376  |Info:    ------------------------------------------------------
1377  |Info:    [Redragon M914 NIX] Registering RGB controller
1390  |Info:    [MSI B650 GAMING PLUS WIFI (MS-7E26)] Registering RGB controller
1392  |Info:    [Redragon M914 NIX (Wireless)] Registering RGB controller
1392  |Info:    ------------------------------------------------------
1392  |Info:    |            Detecting libusb HID devices            |
1392  |Info:    ------------------------------------------------------
1472  |Info:    ------------------------------------------------------
1472  |Info:    |              Detecting other devices               |
1472  |Info:    ------------------------------------------------------
1488  |Info:    [ResourceManager] Calling Post-detection callbacks
1488  |Info:    ------------------------------------------------------
1488  |Info:    |                Detection completed                 |
1488  |Info:    ------------------------------------------------------
3876  |Info:    [ProfileManager] Profile loading: Succeeded for ENE DRAM @ I2C: SMBus PIIX4 adapter port 0 at 0b00 (/dev/i2c-16), address 0x71
3876  |Info:    [ProfileManager] Profile loading: Succeeded for ENE DRAM @ I2C: SMBus PIIX4 adapter port 0 at 0b00 (/dev/i2c-16), address 0x73
3876  |Info:    [ProfileManager] Profile loading: Succeeded for Sapphire Radeon RX 7700 XT Nitro+ @ I2C: AMDGPU DM i2c OEM bus (/dev/i2c-6), address 0x28
3876  |Info:    [ProfileManager] Profile loading: Succeeded for Redragon M914 NIX @ HID: /dev/hidraw7
3876  |Info:    [ProfileManager] Profile loading: Succeeded for MSI B650 GAMING PLUS WIFI (MS-7E26) @ HID: /dev/hidraw5
3876  |Info:    [ProfileManager] Profile loading: Succeeded for Redragon M914 NIX (Wireless) @ HID: /dev/hidraw2
7137  |Info:    [ProfileManager] Profile loading: Succeeded for ENE DRAM @ I2C: SMBus PIIX4 adapter port 0 at 0b00 (/dev/i2c-16), address 0x71
7137  |Info:    [ProfileManager] Profile loading: Succeeded for ENE DRAM @ I2C: SMBus PIIX4 adapter port 0 at 0b00 (/dev/i2c-16), address 0x73
7137  |Info:    [ProfileManager] Profile loading: Succeeded for Sapphire Radeon RX 7700 XT Nitro+ @ I2C: AMDGPU DM i2c OEM bus (/dev/i2c-6), address 0x28
7137  |Info:    [ProfileManager] Profile loading: Succeeded for Redragon M914 NIX @ HID: /dev/hidraw7
7137  |Info:    [ProfileManager] Profile loading: Succeeded for MSI B650 GAMING PLUS WIFI (MS-7E26) @ HID: /dev/hidraw5
7137  |Info:    [ProfileManager] Profile loading: Succeeded for Redragon M914 NIX (Wireless) @ HID: /dev/hidraw2
68980 |Info:    [ProfileManager] Profile loading: Succeeded for ENE DRAM @ I2C: SMBus PIIX4 adapter port 0 at 0b00 (/dev/i2c-16), address 0x71
68980 |Info:    [ProfileManager] Profile loading: Succeeded for ENE DRAM @ I2C: SMBus PIIX4 adapter port 0 at 0b00 (/dev/i2c-16), address 0x73
68980 |Info:    [ProfileManager] Profile loading: Succeeded for Sapphire Radeon RX 7700 XT Nitro+ @ I2C: AMDGPU DM i2c OEM bus (/dev/i2c-6), address 0x28
68980 |Info:    [ProfileManager] Profile loading: Succeeded for Redragon M914 NIX @ HID: /dev/hidraw7
68980 |Info:    [ProfileManager] Profile loading: Succeeded for MSI B650 GAMING PLUS WIFI (MS-7E26) @ HID: /dev/hidraw5
68980 |Info:    [ProfileManager] Profile loading: Succeeded for Redragon M914 NIX (Wireless) @ HID: /dev/hidraw2
72764 |Info:    [ProfileManager] Found file: sdsd.orp attempting to validate header
72764 |Info:    [ProfileManager] Valid v5 profile found for sdsd
72764 |Info:    [ProfileManager] Found file: Green.orp attempting to validate header
72764 |Info:    [ProfileManager] Valid v5 profile found for Green
72764 |Info:    [ProfileManager] Found file: Blue.orp attempting to validate header
72764 |Info:    [ProfileManager] Valid v5 profile found for Blue
74557 |Info:    [ProfileManager] Profile loading: Succeeded for ENE DRAM @ I2C: SMBus PIIX4 adapter port 0 at 0b00 (/dev/i2c-16), address 0x71
74558 |Info:    [ProfileManager] Profile loading: Succeeded for ENE DRAM @ I2C: SMBus PIIX4 adapter port 0 at 0b00 (/dev/i2c-16), address 0x73
74558 |Info:    [ProfileManager] Profile loading: Succeeded for Sapphire Radeon RX 7700 XT Nitro+ @ I2C: AMDGPU DM i2c OEM bus (/dev/i2c-6), address 0x28
74558 |Info:    [ProfileManager] Profile loading: Succeeded for Redragon M914 NIX @ HID: /dev/hidraw7
74558 |Info:    [ProfileManager] Profile loading: Succeeded for MSI B650 GAMING PLUS WIFI (MS-7E26) @ HID: /dev/hidraw5
74558 |Info:    [ProfileManager] Profile loading: Succeeded for Redragon M914 NIX (Wireless) @ HID: /dev/hidraw2
81931 |Info:    [ProfileManager] Found file: sdsd.orp attempting to validate header
81931 |Info:    [ProfileManager] Valid v5 profile found for sdsd
81931 |Info:    [ProfileManager] Found file: Green.orp attempting to validate header
81931 |Info:    [ProfileManager] Valid v5 profile found for Green
81931 |Info:    [ProfileManager] Found file: Blue.orp attempting to validate header
81931 |Info:    [ProfileManager] Valid v5 profile found for Blue
83890 |Info:    [ProfileManager] Profile loading: Succeeded for ENE DRAM @ I2C: SMBus PIIX4 adapter port 0 at 0b00 (/dev/i2c-16), address 0x71
83890 |Info:    [ProfileManager] Profile loading: Succeeded for ENE DRAM @ I2C: SMBus PIIX4 adapter port 0 at 0b00 (/dev/i2c-16), address 0x73
83890 |Info:    [ProfileManager] Profile loading: Succeeded for Sapphire Radeon RX 7700 XT Nitro+ @ I2C: AMDGPU DM i2c OEM bus (/dev/i2c-6), address 0x28
83890 |Info:    [ProfileManager] Profile loading: Succeeded for Redragon M914 NIX @ HID: /dev/hidraw7
83890 |Info:    [ProfileManager] Profile loading: Succeeded for MSI B650 GAMING PLUS WIFI (MS-7E26) @ HID: /dev/hidraw5
83890 |Info:    [ProfileManager] Profile loading: Succeeded for Redragon M914 NIX (Wireless) @ HID: /dev/hidraw2
84661 |Info:    [ProfileManager] Profile loading: Succeeded for ENE DRAM @ I2C: SMBus PIIX4 adapter port 0 at 0b00 (/dev/i2c-16), address 0x71
84661 |Info:    [ProfileManager] Profile loading: Succeeded for ENE DRAM @ I2C: SMBus PIIX4 adapter port 0 at 0b00 (/dev/i2c-16), address 0x73
84661 |Info:    [ProfileManager] Profile loading: Succeeded for Sapphire Radeon RX 7700 XT Nitro+ @ I2C: AMDGPU DM i2c OEM bus (/dev/i2c-6), address 0x28
84661 |Info:    [ProfileManager] Profile loading: Succeeded for Redragon M914 NIX @ HID: /dev/hidraw7
84661 |Info:    [ProfileManager] Profile loading: Succeeded for MSI B650 GAMING PLUS WIFI (MS-7E26) @ HID: /dev/hidraw5
84661 |Info:    [ProfileManager] Profile loading: Succeeded for Redragon M914 NIX (Wireless) @ HID: /dev/hidraw2
85463 |Info:    [ProfileManager] Profile loading: Succeeded for ENE DRAM @ I2C: SMBus PIIX4 adapter port 0 at 0b00 (/dev/i2c-16), address 0x71
85463 |Info:    [ProfileManager] Profile loading: Succeeded for ENE DRAM @ I2C: SMBus PIIX4 adapter port 0 at 0b00 (/dev/i2c-16), address 0x73
85463 |Info:    [ProfileManager] Profile loading: Succeeded for Sapphire Radeon RX 7700 XT Nitro+ @ I2C: AMDGPU DM i2c OEM bus (/dev/i2c-6), address 0x28
85463 |Info:    [ProfileManager] Profile loading: Succeeded for Redragon M914 NIX @ HID: /dev/hidraw7
85463 |Info:    [ProfileManager] Profile loading: Succeeded for MSI B650 GAMING PLUS WIFI (MS-7E26) @ HID: /dev/hidraw5
85463 |Info:    [ProfileManager] Profile loading: Succeeded for Redragon M914 NIX (Wireless) @ HID: /dev/hidraw2
86224 |Info:    [ProfileManager] Profile loading: Succeeded for ENE DRAM @ I2C: SMBus PIIX4 adapter port 0 at 0b00 (/dev/i2c-16), address 0x71
86224 |Info:    [ProfileManager] Profile loading: Succeeded for ENE DRAM @ I2C: SMBus PIIX4 adapter port 0 at 0b00 (/dev/i2c-16), address 0x73
86224 |Info:    [ProfileManager] Profile loading: Succeeded for Sapphire Radeon RX 7700 XT Nitro+ @ I2C: AMDGPU DM i2c OEM bus (/dev/i2c-6), address 0x28
86224 |Info:    [ProfileManager] Profile loading: Succeeded for Redragon M914 NIX @ HID: /dev/hidraw7
86224 |Info:    [ProfileManager] Profile loading: Succeeded for MSI B650 GAMING PLUS WIFI (MS-7E26) @ HID: /dev/hidraw5
86224 |Info:    [ProfileManager] Profile loading: Succeeded for Redragon M914 NIX (Wireless) @ HID: /dev/hidraw2
