    OpenRGB v0.9+ (git1932)
    Commit: 0be01dde190c26b3f6c2cb370e815ae62b96205f from 2026-04-24 07:35:53 -0500
    Launched: 20260428_152340
====================================================================================================

52    |Info:    [ResourceManager] Initializing HID interfaces: Success
52    |Info:    ------------------------------------------------------
52    |Info:    |               Start device detection               |
52    |Info:    ------------------------------------------------------
61    |Info:    ------------------------------------------------------
61    |Info:    |             Detecting I2C interfaces               |
61    |Info:    ------------------------------------------------------
61    |Info:    [ResourceManager] Registering I2C interface: AMDGPU DM i2c hw bus 1 (/dev/i2c-3) Device 1002:747E Subsystem: 1DA2:F475
61    |Info:    [ResourceManager] Registering I2C interface: AMDGPU DM i2c hw bus 1 (/dev/i2c-10) Device 1002:164E Subsystem: 1462:7E26
61    |Info:    [ResourceManager] Registering I2C interface: AMDGPU SMU 1 (/dev/i2c-1) Device 1002:747E Subsystem: 1DA2:F475
61    |Info:    [ResourceManager] Registering I2C interface: SMBus PIIX4 adapter port 2 at 0b00 (/dev/i2c-17) Device 1022:790B Subsystem: 1462:7E26
61    |Info:    [i2c_smbus_linux] Failed to read i2c device PCI device ID
61    |Info:    [ResourceManager] Registering I2C interface: AMDGPU DM aux hw bus 1 (/dev/i2c-8) Device 0000:0000 Subsystem: 0000:0000
61    |Info:    [i2c_smbus_linux] Failed to read i2c device PCI device ID
61    |Info:    [ResourceManager] Registering I2C interface: AMDGPU DM aux hw bus 3 (/dev/i2c-15) Device 0000:0000 Subsystem: 0000:0000
61    |Info:    [ResourceManager] Registering I2C interface: AMDGPU DM i2c OEM bus (/dev/i2c-6) Device 1002:747E Subsystem: 1DA2:F475
61    |Info:    [i2c_smbus_linux] Failed to read i2c device PCI device ID
61    |Info:    [ResourceManager] Registering I2C interface: AMDGPU DM aux hw bus 1 (/dev/i2c-13) Device 0000:0000 Subsystem: 0000:0000
61    |Info:    [ResourceManager] Registering I2C interface: AMDGPU DM i2c hw bus 2 (/dev/i2c-4) Device 1002:747E Subsystem: 1DA2:F475
61    |Info:    [ResourceManager] Registering I2C interface: AMDGPU DM i2c hw bus 2 (/dev/i2c-11) Device 1002:164E Subsystem: 1462:7E26
61    |Info:    [ResourceManager] Registering I2C interface: AMDGPU DM i2c hw bus 0 (/dev/i2c-2) Device 1002:747E Subsystem: 1DA2:F475
61    |Info:    [ResourceManager] Registering I2C interface: AMDGPU SMU 0 (/dev/i2c-0) Device 1002:747E Subsystem: 1DA2:F475
62    |Info:    [ResourceManager] Registering I2C interface: SMBus PIIX4 adapter port 1 at 0b20 (/dev/i2c-18) Device 1022:790B Subsystem: 1462:7E26
62    |Info:    [ResourceManager] Registering I2C interface: AMDGPU DM i2c hw bus 0 (/dev/i2c-9) Device 1002:164E Subsystem: 1462:7E26
62    |Info:    [ResourceManager] Registering I2C interface: SMBus PIIX4 adapter port 0 at 0b00 (/dev/i2c-16) Device 1022:790B Subsystem: 1462:7E26
62    |Info:    [i2c_smbus_linux] Failed to read i2c device PCI device ID
62    |Info:    [ResourceManager] Registering I2C interface: AMDGPU DM aux hw bus 0 (/dev/i2c-7) Device 0000:0000 Subsystem: 0000:0000
62    |Info:    [i2c_smbus_linux] Failed to read i2c device PCI device ID
62    |Info:    [ResourceManager] Registering I2C interface: AMDGPU DM aux hw bus 2 (/dev/i2c-14) Device 0000:0000 Subsystem: 0000:0000
62    |Info:    [ResourceManager] Registering I2C interface: AMDGPU DM i2c hw bus 3 (/dev/i2c-5) Device 1002:747E Subsystem: 1DA2:F475
62    |Info:    [ResourceManager] Registering I2C interface: AMDGPU DM i2c hw bus 3 (/dev/i2c-12) Device 1002:164E Subsystem: 1462:7E26
62    |Info:    ------------------------------------------------------
62    |Info:    |               Detecting I2C devices                |
62    |Info:    ------------------------------------------------------
395   |Info:    [ENE DRAM] Registering RGB controller
657   |Info:    [ENE DRAM] Registering RGB controller
1284  |Info:    ------------------------------------------------------
1284  |Info:    |            Detecting I2C DIMM modules              |
1284  |Info:    ------------------------------------------------------
1376  |Info:    [ResourceManager] Detected occupied slot 2, bus 14, type DDR5
1381  |Info:    [ResourceManager] Detected occupied slot 4, bus 14, type DDR5
1399  |Info:    ------------------------------------------------------
1399  |Info:    |               Detecting I2C PCI devices            |
1399  |Info:    ------------------------------------------------------
1407  |Info:    [Sapphire Radeon RX 7700 XT Nitro+] Registering RGB controller
1407  |Info:    ------------------------------------------------------
1407  |Info:    |               Detecting HID devices                |
1407  |Info:    ------------------------------------------------------
1471  |Info:    [MSI B650 GAMING PLUS WIFI (MS-7E26)] Registering RGB controller
1472  |Info:    [Redragon M914 NIX (Wireless)] Registering RGB controller
1472  |Info:    ------------------------------------------------------
1472  |Info:    |            Detecting libusb HID devices            |
1472  |Info:    ------------------------------------------------------
1504  |Info:    ------------------------------------------------------
1504  |Info:    |              Detecting other devices               |
1504  |Info:    ------------------------------------------------------
1519  |Info:    [ResourceManager] Calling Post-detection callbacks
1519  |Info:    ------------------------------------------------------
1519  |Info:    |                Detection completed                 |
1519  |Info:    ------------------------------------------------------
14340 |Info:    [ProfileManager] Profile loading: FAILED! for ENE DRAM @ I2C: SMBus PIIX4 adapter port 0 at 0b00 (/dev/i2c-16), address 0x71
14340 |Info:    [ProfileManager] Profile loading: FAILED! for ENE DRAM @ I2C: SMBus PIIX4 adapter port 0 at 0b00 (/dev/i2c-16), address 0x73
14340 |Info:    [ProfileManager] Profile loading: FAILED! for Sapphire Radeon RX 7700 XT Nitro+ @ I2C: AMDGPU DM i2c OEM bus (/dev/i2c-6), address 0x28
14340 |Info:    [ProfileManager] Profile loading: FAILED! for MSI B650 GAMING PLUS WIFI (MS-7E26) @ HID: /dev/hidraw5
14340 |Info:    [ProfileManager] Profile loading: FAILED! for Redragon M914 NIX (Wireless) @ HID: /dev/hidraw2
72391 |Info:    [ProfileManager] Found file: Blue.orp attempting to validate header
72391 |Info:    [ProfileManager] Valid v5 profile found for Blue
